[2024-12-29T14:24:19.059659+00:00] restore.WARNING: [2] file_get_contents(/home/wwimpo/costacolbun.cl/wp-content/plugins/formidable/templates/addons.json): Failed to open stream: No such file or directory (/home/wwimpo/costacolbun.cl/wp-content/plugins/formidable/classes/models/FrmFormApi.php on Line 67) | PHP 8.0.30 (Linux) [] []
[2024-12-29T14:24:19.062786+00:00] restore.WARNING: [2] foreach() argument must be of type array|object, null given (/home/wwimpo/costacolbun.cl/wp-content/plugins/formidable/classes/models/FrmFormApi.php on Line 69) | PHP 8.0.30 (Linux) [] []
[2024-12-29T14:24:19.133397+00:00] restore.WARNING: [2] file_get_contents(/home/wwimpo/costacolbun.cl/wp-content/plugins/formidable/templates/addons.json): Failed to open stream: No such file or directory (/home/wwimpo/costacolbun.cl/wp-content/plugins/formidable/classes/models/FrmFormApi.php on Line 67) | PHP 8.0.30 (Linux) [] []
[2024-12-29T14:24:19.134375+00:00] restore.WARNING: [2] foreach() argument must be of type array|object, null given (/home/wwimpo/costacolbun.cl/wp-content/plugins/formidable/classes/models/FrmFormApi.php on Line 69) | PHP 8.0.30 (Linux) [] []
[2024-12-29T14:24:19.762488+00:00] restore.WARNING: [2] file_get_contents(/home/wwimpo/costacolbun.cl/wp-content/plugins/formidable/templates/addons.json): Failed to open stream: No such file or directory (/home/wwimpo/costacolbun.cl/wp-content/plugins/formidable/classes/models/FrmFormApi.php on Line 67) | PHP 8.0.30 (Linux) [] []
[2024-12-29T14:24:19.763194+00:00] restore.WARNING: [2] foreach() argument must be of type array|object, null given (/home/wwimpo/costacolbun.cl/wp-content/plugins/formidable/classes/models/FrmFormApi.php on Line 69) | PHP 8.0.30 (Linux) [] []
[2024-12-29T14:24:19.822637+00:00] restore.WARNING: [2] file_get_contents(/home/wwimpo/costacolbun.cl/wp-content/plugins/formidable/templates/addons.json): Failed to open stream: No such file or directory (/home/wwimpo/costacolbun.cl/wp-content/plugins/formidable/classes/models/FrmFormApi.php on Line 67) | PHP 8.0.30 (Linux) [] []
[2024-12-29T14:24:19.823185+00:00] restore.WARNING: [2] foreach() argument must be of type array|object, null given (/home/wwimpo/costacolbun.cl/wp-content/plugins/formidable/classes/models/FrmFormApi.php on Line 69) | PHP 8.0.30 (Linux) [] []
[2024-12-29T14:24:20.098772+00:00] restore.WARNING: [2] file_get_contents(/home/wwimpo/costacolbun.cl/wp-content/plugins/formidable/templates/addons.json): Failed to open stream: No such file or directory (/home/wwimpo/costacolbun.cl/wp-content/plugins/formidable/classes/models/FrmFormApi.php on Line 67) | PHP 8.0.30 (Linux) [] []
[2024-12-29T14:24:20.099437+00:00] restore.WARNING: [2] foreach() argument must be of type array|object, null given (/home/wwimpo/costacolbun.cl/wp-content/plugins/formidable/classes/models/FrmFormApi.php on Line 69) | PHP 8.0.30 (Linux) [] []
[2024-12-29T14:24:20.166023+00:00] restore.WARNING: [2] file_get_contents(/home/wwimpo/costacolbun.cl/wp-content/plugins/formidable/templates/addons.json): Failed to open stream: No such file or directory (/home/wwimpo/costacolbun.cl/wp-content/plugins/formidable/classes/models/FrmFormApi.php on Line 67) | PHP 8.0.30 (Linux) [] []
[2024-12-29T14:24:20.166987+00:00] restore.WARNING: [2] foreach() argument must be of type array|object, null given (/home/wwimpo/costacolbun.cl/wp-content/plugins/formidable/classes/models/FrmFormApi.php on Line 69) | PHP 8.0.30 (Linux) [] []
[2025-01-07T14:33:15.379536+00:00] restore.WARNING: [2] Trying to access array offset on value of type null (/home/wwimpo/costacolbun.cl/wp-content/plugins/wp-defender/src/controller/class-blocklist-monitor.php on Line 97) | PHP 8.0.30 (Linux) [] []
[2025-01-07T14:33:15.385331+00:00] restore.WARNING: [2] foreach() argument must be of type array|object, null given (/home/wwimpo/costacolbun.cl/wp-content/plugins/wp-defender/src/controller/class-blocklist-monitor.php on Line 97) | PHP 8.0.30 (Linux) [] []
[2025-01-07T14:36:23.658882+00:00] restore.WARNING: [2] Trying to access array offset on value of type null (/home/wwimpo/costacolbun.cl/wp-content/plugins/wp-defender/src/component/class-audit.php on Line 141) | PHP 8.0.30 (Linux) [] []
[2025-01-07T14:40:54.469803+00:00] restore.WARNING: [2] Trying to access array offset on value of type null (/home/wwimpo/costacolbun.cl/wp-content/plugins/wp-defender/src/controller/class-blocklist-monitor.php on Line 97) | PHP 8.0.30 (Linux) [] []
[2025-01-07T14:40:54.470618+00:00] restore.WARNING: [2] foreach() argument must be of type array|object, null given (/home/wwimpo/costacolbun.cl/wp-content/plugins/wp-defender/src/controller/class-blocklist-monitor.php on Line 97) | PHP 8.0.30 (Linux) [] []
[2025-01-07T14:42:44.435177+00:00] restore.WARNING: [2] Attempt to read property "base" on null (/home/wwimpo/costacolbun.cl/wp-content/plugins/modal-window/admin/class-admin.php on Line 308) | PHP 8.0.30 (Linux) [] []
[2025-01-07T14:58:39.853700+00:00] restore.WARNING: [2] Trying to access array offset on value of type null (/home/wwimpo/costacolbun.cl/wp-content/plugins/wp-defender/src/controller/class-blocklist-monitor.php on Line 97) | PHP 8.0.30 (Linux) [] []
[2025-01-07T14:58:39.858233+00:00] restore.WARNING: [2] foreach() argument must be of type array|object, null given (/home/wwimpo/costacolbun.cl/wp-content/plugins/wp-defender/src/controller/class-blocklist-monitor.php on Line 97) | PHP 8.0.30 (Linux) [] []
[2025-01-11T19:57:08.311152+00:00] restore.WARNING: [2] Trying to access array offset on value of type null (/home/wwimpo/costacolbun.cl/wp-content/plugins/wp-defender/src/controller/class-blocklist-monitor.php on Line 97) | PHP 8.0.30 (Linux) [] []
[2025-01-11T19:57:08.326642+00:00] restore.WARNING: [2] foreach() argument must be of type array|object, null given (/home/wwimpo/costacolbun.cl/wp-content/plugins/wp-defender/src/controller/class-blocklist-monitor.php on Line 97) | PHP 8.0.30 (Linux) [] []
[2025-01-11T20:26:33.746704+00:00] restore.WARNING: [2] Trying to access array offset on value of type null (/home/wwimpo/costacolbun.cl/wp-content/plugins/wp-defender/src/controller/class-blocklist-monitor.php on Line 97) | PHP 8.0.30 (Linux) [] []
[2025-01-11T20:26:33.759616+00:00] restore.WARNING: [2] foreach() argument must be of type array|object, null given (/home/wwimpo/costacolbun.cl/wp-content/plugins/wp-defender/src/controller/class-blocklist-monitor.php on Line 97) | PHP 8.0.30 (Linux) [] []
[2025-01-13T15:44:36.293007+00:00] restore.WARNING: [2] Trying to access array offset on value of type null (/home/wwimpo/costacolbun.cl/wp-content/plugins/ip-location-block/classes/class-ip-location-block.php on Line 825) | PHP 8.0.30 (Linux) [] []
[2025-01-13T15:44:36.300402+00:00] restore.WARNING: [2] Trying to access array offset on value of type null (/home/wwimpo/costacolbun.cl/wp-content/plugins/ip-location-block/classes/class-ip-location-block-apis.php on Line 638) | PHP 8.0.30 (Linux) [] []
[2025-01-13T15:44:36.303494+00:00] restore.WARNING: [2] Trying to access array offset on value of type null (/home/wwimpo/costacolbun.cl/wp-content/plugins/ip-location-block/classes/class-ip-location-block-apis.php on Line 677) | PHP 8.0.30 (Linux) [] []
[2025-01-13T15:44:36.305034+00:00] restore.WARNING: [2] Trying to access array offset on value of type null (/home/wwimpo/costacolbun.cl/wp-content/plugins/ip-location-block/classes/class-ip-location-block.php on Line 752) | PHP 8.0.30 (Linux) [] []
[2025-01-13T15:44:36.306016+00:00] restore.WARNING: [2] Trying to access array offset on value of type null (/home/wwimpo/costacolbun.cl/wp-content/plugins/ip-location-block/classes/class-ip-location-block-logs.php on Line 483) | PHP 8.0.30 (Linux) [] []
[2025-01-13T15:44:36.306931+00:00] restore.WARNING: [2] Trying to access array offset on value of type null (/home/wwimpo/costacolbun.cl/wp-content/plugins/ip-location-block/classes/class-ip-location-block-logs.php on Line 483) | PHP 8.0.30 (Linux) [] []
[2025-01-13T15:44:36.307913+00:00] restore.WARNING: [2] Trying to access array offset on value of type null (/home/wwimpo/costacolbun.cl/wp-content/plugins/ip-location-block/classes/class-ip-location-block-logs.php on Line 719) | PHP 8.0.30 (Linux) [] []
[2025-01-13T15:45:09.205685+00:00] restore.WARNING: [2] Trying to access array offset on value of type null (/home/wwimpo/costacolbun.cl/wp-content/plugins/ip-location-block/classes/class-ip-location-block.php on Line 825) | PHP 8.0.30 (Linux) [] []
[2025-01-13T15:45:09.206488+00:00] restore.WARNING: [2] Trying to access array offset on value of type null (/home/wwimpo/costacolbun.cl/wp-content/plugins/ip-location-block/classes/class-ip-location-block-apis.php on Line 638) | PHP 8.0.30 (Linux) [] []
[2025-01-13T15:45:09.211165+00:00] restore.WARNING: [2] Trying to access array offset on value of type null (/home/wwimpo/costacolbun.cl/wp-content/plugins/ip-location-block/classes/class-ip-location-block-apis.php on Line 677) | PHP 8.0.30 (Linux) [] []
[2025-01-13T15:45:09.212213+00:00] restore.WARNING: [2] Trying to access array offset on value of type null (/home/wwimpo/costacolbun.cl/wp-content/plugins/ip-location-block/classes/class-ip-location-block.php on Line 752) | PHP 8.0.30 (Linux) [] []
[2025-01-13T15:45:09.213196+00:00] restore.WARNING: [2] Trying to access array offset on value of type null (/home/wwimpo/costacolbun.cl/wp-content/plugins/ip-location-block/classes/class-ip-location-block-logs.php on Line 483) | PHP 8.0.30 (Linux) [] []
[2025-01-13T15:45:09.214080+00:00] restore.WARNING: [2] Trying to access array offset on value of type null (/home/wwimpo/costacolbun.cl/wp-content/plugins/ip-location-block/classes/class-ip-location-block-logs.php on Line 483) | PHP 8.0.30 (Linux) [] []
[2025-01-13T15:45:09.215118+00:00] restore.WARNING: [2] Trying to access array offset on value of type null (/home/wwimpo/costacolbun.cl/wp-content/plugins/ip-location-block/classes/class-ip-location-block-logs.php on Line 719) | PHP 8.0.30 (Linux) [] []
[2025-01-13T15:46:21.979705+00:00] restore.WARNING: [2] Trying to access array offset on value of type null (/home/wwimpo/costacolbun.cl/wp-content/plugins/ip-location-block/classes/class-ip-location-block.php on Line 825) | PHP 8.0.30 (Linux) [] []
[2025-01-13T15:46:21.983033+00:00] restore.WARNING: [2] Trying to access array offset on value of type null (/home/wwimpo/costacolbun.cl/wp-content/plugins/ip-location-block/classes/class-ip-location-block-apis.php on Line 638) | PHP 8.0.30 (Linux) [] []
[2025-01-13T15:46:21.985955+00:00] restore.WARNING: [2] Trying to access array offset on value of type null (/home/wwimpo/costacolbun.cl/wp-content/plugins/ip-location-block/classes/class-ip-location-block-apis.php on Line 677) | PHP 8.0.30 (Linux) [] []
[2025-01-13T15:46:21.989244+00:00] restore.WARNING: [2] Trying to access array offset on value of type null (/home/wwimpo/costacolbun.cl/wp-content/plugins/ip-location-block/classes/class-ip-location-block.php on Line 752) | PHP 8.0.30 (Linux) [] []
[2025-01-13T15:46:21.992579+00:00] restore.WARNING: [2] Trying to access array offset on value of type null (/home/wwimpo/costacolbun.cl/wp-content/plugins/ip-location-block/classes/class-ip-location-block-logs.php on Line 483) | PHP 8.0.30 (Linux) [] []
[2025-01-13T15:46:21.993238+00:00] restore.WARNING: [2] Trying to access array offset on value of type null (/home/wwimpo/costacolbun.cl/wp-content/plugins/ip-location-block/classes/class-ip-location-block-logs.php on Line 483) | PHP 8.0.30 (Linux) [] []
[2025-01-13T15:46:21.996341+00:00] restore.WARNING: [2] Trying to access array offset on value of type null (/home/wwimpo/costacolbun.cl/wp-content/plugins/ip-location-block/classes/class-ip-location-block-logs.php on Line 719) | PHP 8.0.30 (Linux) [] []
[2025-01-13T15:46:29.569695+00:00] restore.WARNING: [2] Trying to access array offset on value of type null (/home/wwimpo/costacolbun.cl/wp-content/plugins/ip-location-block/classes/class-ip-location-block.php on Line 825) | PHP 8.0.30 (Linux) [] []
[2025-01-13T15:46:29.573044+00:00] restore.WARNING: [2] Trying to access array offset on value of type null (/home/wwimpo/costacolbun.cl/wp-content/plugins/ip-location-block/classes/class-ip-location-block-apis.php on Line 638) | PHP 8.0.30 (Linux) [] []
[2025-01-13T15:46:29.575205+00:00] restore.WARNING: [2] Trying to access array offset on value of type null (/home/wwimpo/costacolbun.cl/wp-content/plugins/ip-location-block/classes/class-ip-location-block-apis.php on Line 677) | PHP 8.0.30 (Linux) [] []
[2025-01-13T15:46:29.579159+00:00] restore.WARNING: [2] Trying to access array offset on value of type null (/home/wwimpo/costacolbun.cl/wp-content/plugins/ip-location-block/classes/class-ip-location-block.php on Line 752) | PHP 8.0.30 (Linux) [] []
[2025-01-13T15:46:29.582366+00:00] restore.WARNING: [2] Trying to access array offset on value of type null (/home/wwimpo/costacolbun.cl/wp-content/plugins/ip-location-block/classes/class-ip-location-block-logs.php on Line 483) | PHP 8.0.30 (Linux) [] []
[2025-01-13T15:46:29.582971+00:00] restore.WARNING: [2] Trying to access array offset on value of type null (/home/wwimpo/costacolbun.cl/wp-content/plugins/ip-location-block/classes/class-ip-location-block-logs.php on Line 483) | PHP 8.0.30 (Linux) [] []
[2025-01-13T15:46:29.586296+00:00] restore.WARNING: [2] Trying to access array offset on value of type null (/home/wwimpo/costacolbun.cl/wp-content/plugins/ip-location-block/classes/class-ip-location-block-logs.php on Line 719) | PHP 8.0.30 (Linux) [] []
[2025-01-13T15:47:08.096705+00:00] restore.WARNING: [2] Trying to access array offset on value of type null (/home/wwimpo/costacolbun.cl/wp-content/plugins/ip-location-block/classes/class-ip-location-block.php on Line 825) | PHP 8.0.30 (Linux) [] []
[2025-01-13T15:47:08.097482+00:00] restore.WARNING: [2] Trying to access array offset on value of type null (/home/wwimpo/costacolbun.cl/wp-content/plugins/ip-location-block/classes/class-ip-location-block-apis.php on Line 638) | PHP 8.0.30 (Linux) [] []
[2025-01-13T15:47:08.101506+00:00] restore.WARNING: [2] Trying to access array offset on value of type null (/home/wwimpo/costacolbun.cl/wp-content/plugins/ip-location-block/classes/class-ip-location-block-apis.php on Line 677) | PHP 8.0.30 (Linux) [] []
[2025-01-13T15:47:08.102506+00:00] restore.WARNING: [2] Trying to access array offset on value of type null (/home/wwimpo/costacolbun.cl/wp-content/plugins/ip-location-block/classes/class-ip-location-block.php on Line 752) | PHP 8.0.30 (Linux) [] []
[2025-01-13T15:47:08.104897+00:00] restore.WARNING: [2] Trying to access array offset on value of type null (/home/wwimpo/costacolbun.cl/wp-content/plugins/ip-location-block/classes/class-ip-location-block-logs.php on Line 483) | PHP 8.0.30 (Linux) [] []
[2025-01-13T15:47:08.107573+00:00] restore.WARNING: [2] Trying to access array offset on value of type null (/home/wwimpo/costacolbun.cl/wp-content/plugins/ip-location-block/classes/class-ip-location-block-logs.php on Line 483) | PHP 8.0.30 (Linux) [] []
[2025-01-13T15:47:08.109838+00:00] restore.WARNING: [2] Trying to access array offset on value of type null (/home/wwimpo/costacolbun.cl/wp-content/plugins/ip-location-block/classes/class-ip-location-block-logs.php on Line 719) | PHP 8.0.30 (Linux) [] []
[2025-01-13T15:48:08.495456+00:00] restore.WARNING: [2] Trying to access array offset on value of type null (/home/wwimpo/costacolbun.cl/wp-content/plugins/ip-location-block/classes/class-ip-location-block.php on Line 825) | PHP 8.0.30 (Linux) [] []
[2025-01-13T15:48:08.496264+00:00] restore.WARNING: [2] Trying to access array offset on value of type null (/home/wwimpo/costacolbun.cl/wp-content/plugins/ip-location-block/classes/class-ip-location-block-apis.php on Line 638) | PHP 8.0.30 (Linux) [] []
[2025-01-13T15:48:08.500965+00:00] restore.WARNING: [2] Trying to access array offset on value of type null (/home/wwimpo/costacolbun.cl/wp-content/plugins/ip-location-block/classes/class-ip-location-block-apis.php on Line 677) | PHP 8.0.30 (Linux) [] []
[2025-01-13T15:48:08.502741+00:00] restore.WARNING: [2] Trying to access array offset on value of type null (/home/wwimpo/costacolbun.cl/wp-content/plugins/ip-location-block/classes/class-ip-location-block.php on Line 752) | PHP 8.0.30 (Linux) [] []
[2025-01-13T15:48:08.505383+00:00] restore.WARNING: [2] Trying to access array offset on value of type null (/home/wwimpo/costacolbun.cl/wp-content/plugins/ip-location-block/classes/class-ip-location-block-logs.php on Line 483) | PHP 8.0.30 (Linux) [] []
[2025-01-13T15:48:08.507942+00:00] restore.WARNING: [2] Trying to access array offset on value of type null (/home/wwimpo/costacolbun.cl/wp-content/plugins/ip-location-block/classes/class-ip-location-block-logs.php on Line 483) | PHP 8.0.30 (Linux) [] []
[2025-01-13T15:48:08.510586+00:00] restore.WARNING: [2] Trying to access array offset on value of type null (/home/wwimpo/costacolbun.cl/wp-content/plugins/ip-location-block/classes/class-ip-location-block-logs.php on Line 719) | PHP 8.0.30 (Linux) [] []
[2025-01-13T15:48:16.177677+00:00] restore.WARNING: [2] Trying to access array offset on value of type null (/home/wwimpo/costacolbun.cl/wp-content/plugins/ip-location-block/classes/class-ip-location-block.php on Line 825) | PHP 8.0.30 (Linux) [] []
[2025-01-13T15:48:16.180294+00:00] restore.WARNING: [2] Trying to access array offset on value of type null (/home/wwimpo/costacolbun.cl/wp-content/plugins/ip-location-block/classes/class-ip-location-block-apis.php on Line 638) | PHP 8.0.30 (Linux) [] []
[2025-01-13T15:48:16.186121+00:00] restore.WARNING: [2] Trying to access array offset on value of type null (/home/wwimpo/costacolbun.cl/wp-content/plugins/ip-location-block/classes/class-ip-location-block-apis.php on Line 677) | PHP 8.0.30 (Linux) [] []
[2025-01-13T15:48:16.190469+00:00] restore.WARNING: [2] Trying to access array offset on value of type null (/home/wwimpo/costacolbun.cl/wp-content/plugins/ip-location-block/classes/class-ip-location-block.php on Line 752) | PHP 8.0.30 (Linux) [] []
[2025-01-13T15:48:16.191425+00:00] restore.WARNING: [2] Trying to access array offset on value of type null (/home/wwimpo/costacolbun.cl/wp-content/plugins/ip-location-block/classes/class-ip-location-block-logs.php on Line 483) | PHP 8.0.30 (Linux) [] []
[2025-01-13T15:48:16.194758+00:00] restore.WARNING: [2] Trying to access array offset on value of type null (/home/wwimpo/costacolbun.cl/wp-content/plugins/ip-location-block/classes/class-ip-location-block-logs.php on Line 483) | PHP 8.0.30 (Linux) [] []
[2025-01-13T15:48:16.197744+00:00] restore.WARNING: [2] Trying to access array offset on value of type null (/home/wwimpo/costacolbun.cl/wp-content/plugins/ip-location-block/classes/class-ip-location-block-logs.php on Line 719) | PHP 8.0.30 (Linux) [] []
[2025-01-13T15:48:32.549067+00:00] restore.WARNING: [2] Trying to access array offset on value of type null (/home/wwimpo/costacolbun.cl/wp-content/plugins/ip-location-block/classes/class-ip-location-block.php on Line 825) | PHP 8.0.30 (Linux) [] []
[2025-01-13T15:48:32.551858+00:00] restore.WARNING: [2] Trying to access array offset on value of type null (/home/wwimpo/costacolbun.cl/wp-content/plugins/ip-location-block/classes/class-ip-location-block-apis.php on Line 638) | PHP 8.0.30 (Linux) [] []
[2025-01-13T15:48:32.555263+00:00] restore.WARNING: [2] Trying to access array offset on value of type null (/home/wwimpo/costacolbun.cl/wp-content/plugins/ip-location-block/classes/class-ip-location-block-apis.php on Line 677) | PHP 8.0.30 (Linux) [] []
[2025-01-13T15:48:32.556182+00:00] restore.WARNING: [2] Trying to access array offset on value of type null (/home/wwimpo/costacolbun.cl/wp-content/plugins/ip-location-block/classes/class-ip-location-block.php on Line 752) | PHP 8.0.30 (Linux) [] []
[2025-01-13T15:48:32.558929+00:00] restore.WARNING: [2] Trying to access array offset on value of type null (/home/wwimpo/costacolbun.cl/wp-content/plugins/ip-location-block/classes/class-ip-location-block-logs.php on Line 483) | PHP 8.0.30 (Linux) [] []
[2025-01-13T15:48:32.559801+00:00] restore.WARNING: [2] Trying to access array offset on value of type null (/home/wwimpo/costacolbun.cl/wp-content/plugins/ip-location-block/classes/class-ip-location-block-logs.php on Line 483) | PHP 8.0.30 (Linux) [] []
[2025-01-13T15:48:32.562076+00:00] restore.WARNING: [2] Trying to access array offset on value of type null (/home/wwimpo/costacolbun.cl/wp-content/plugins/ip-location-block/classes/class-ip-location-block-logs.php on Line 719) | PHP 8.0.30 (Linux) [] []
[2025-01-13T15:49:33.540998+00:00] restore.WARNING: [2] Trying to access array offset on value of type null (/home/wwimpo/costacolbun.cl/wp-content/plugins/ip-location-block/classes/class-ip-location-block.php on Line 825) | PHP 8.0.30 (Linux) [] []
[2025-01-13T15:49:33.541798+00:00] restore.WARNING: [2] Trying to access array offset on value of type null (/home/wwimpo/costacolbun.cl/wp-content/plugins/ip-location-block/classes/class-ip-location-block-apis.php on Line 638) | PHP 8.0.30 (Linux) [] []
[2025-01-13T15:49:33.545672+00:00] restore.WARNING: [2] Trying to access array offset on value of type null (/home/wwimpo/costacolbun.cl/wp-content/plugins/ip-location-block/classes/class-ip-location-block-apis.php on Line 677) | PHP 8.0.30 (Linux) [] []
[2025-01-13T15:49:33.546664+00:00] restore.WARNING: [2] Trying to access array offset on value of type null (/home/wwimpo/costacolbun.cl/wp-content/plugins/ip-location-block/classes/class-ip-location-block.php on Line 752) | PHP 8.0.30 (Linux) [] []
[2025-01-13T15:49:33.549223+00:00] restore.WARNING: [2] Trying to access array offset on value of type null (/home/wwimpo/costacolbun.cl/wp-content/plugins/ip-location-block/classes/class-ip-location-block-logs.php on Line 483) | PHP 8.0.30 (Linux) [] []
[2025-01-13T15:49:33.551860+00:00] restore.WARNING: [2] Trying to access array offset on value of type null (/home/wwimpo/costacolbun.cl/wp-content/plugins/ip-location-block/classes/class-ip-location-block-logs.php on Line 483) | PHP 8.0.30 (Linux) [] []
[2025-01-13T15:49:33.554165+00:00] restore.WARNING: [2] Trying to access array offset on value of type null (/home/wwimpo/costacolbun.cl/wp-content/plugins/ip-location-block/classes/class-ip-location-block-logs.php on Line 719) | PHP 8.0.30 (Linux) [] []
[2025-01-13T15:51:17.328687+00:00] restore.WARNING: [2] Trying to access array offset on value of type null (/home/wwimpo/costacolbun.cl/wp-content/plugins/ip-location-block/classes/class-ip-location-block.php on Line 825) | PHP 8.0.30 (Linux) [] []
[2025-01-13T15:51:17.329614+00:00] restore.WARNING: [2] Trying to access array offset on value of type null (/home/wwimpo/costacolbun.cl/wp-content/plugins/ip-location-block/classes/class-ip-location-block-apis.php on Line 638) | PHP 8.0.30 (Linux) [] []
[2025-01-13T15:51:17.331656+00:00] restore.WARNING: [2] Trying to access array offset on value of type null (/home/wwimpo/costacolbun.cl/wp-content/plugins/ip-location-block/classes/class-ip-location-block-apis.php on Line 677) | PHP 8.0.30 (Linux) [] []
[2025-01-13T15:51:17.383213+00:00] restore.WARNING: [2] Trying to access array offset on value of type null (/home/wwimpo/costacolbun.cl/wp-content/plugins/ip-location-block/classes/class-ip-location-block.php on Line 752) | PHP 8.0.30 (Linux) [] []
[2025-01-13T15:51:17.384121+00:00] restore.WARNING: [2] Trying to access array offset on value of type null (/home/wwimpo/costacolbun.cl/wp-content/plugins/ip-location-block/classes/class-ip-location-block-logs.php on Line 483) | PHP 8.0.30 (Linux) [] []
[2025-01-13T15:51:17.385050+00:00] restore.WARNING: [2] Trying to access array offset on value of type null (/home/wwimpo/costacolbun.cl/wp-content/plugins/ip-location-block/classes/class-ip-location-block-logs.php on Line 483) | PHP 8.0.30 (Linux) [] []
[2025-01-13T15:51:17.386149+00:00] restore.WARNING: [2] Trying to access array offset on value of type null (/home/wwimpo/costacolbun.cl/wp-content/plugins/ip-location-block/classes/class-ip-location-block-logs.php on Line 719) | PHP 8.0.30 (Linux) [] []
[2025-01-13T15:51:27.419955+00:00] restore.WARNING: [2] Trying to access array offset on value of type null (/home/wwimpo/costacolbun.cl/wp-content/plugins/ip-location-block/classes/class-ip-location-block.php on Line 825) | PHP 8.0.30 (Linux) [] []
[2025-01-13T15:51:27.420811+00:00] restore.WARNING: [2] Trying to access array offset on value of type null (/home/wwimpo/costacolbun.cl/wp-content/plugins/ip-location-block/classes/class-ip-location-block-apis.php on Line 638) | PHP 8.0.30 (Linux) [] []
[2025-01-13T15:51:27.422826+00:00] restore.WARNING: [2] Trying to access array offset on value of type null (/home/wwimpo/costacolbun.cl/wp-content/plugins/ip-location-block/classes/class-ip-location-block-apis.php on Line 677) | PHP 8.0.30 (Linux) [] []
[2025-01-13T15:51:27.423834+00:00] restore.WARNING: [2] Trying to access array offset on value of type null (/home/wwimpo/costacolbun.cl/wp-content/plugins/ip-location-block/classes/class-ip-location-block.php on Line 752) | PHP 8.0.30 (Linux) [] []
[2025-01-13T15:51:27.427799+00:00] restore.WARNING: [2] Trying to access array offset on value of type null (/home/wwimpo/costacolbun.cl/wp-content/plugins/ip-location-block/classes/class-ip-location-block-logs.php on Line 483) | PHP 8.0.30 (Linux) [] []
[2025-01-13T15:51:27.428829+00:00] restore.WARNING: [2] Trying to access array offset on value of type null (/home/wwimpo/costacolbun.cl/wp-content/plugins/ip-location-block/classes/class-ip-location-block-logs.php on Line 483) | PHP 8.0.30 (Linux) [] []
[2025-01-13T15:51:27.429848+00:00] restore.WARNING: [2] Trying to access array offset on value of type null (/home/wwimpo/costacolbun.cl/wp-content/plugins/ip-location-block/classes/class-ip-location-block-logs.php on Line 719) | PHP 8.0.30 (Linux) [] []
[2025-01-13T15:51:32.747676+00:00] restore.WARNING: [2] Trying to access array offset on value of type null (/home/wwimpo/costacolbun.cl/wp-content/plugins/ip-location-block/classes/class-ip-location-block.php on Line 825) | PHP 8.0.30 (Linux) [] []
[2025-01-13T15:51:32.748514+00:00] restore.WARNING: [2] Trying to access array offset on value of type null (/home/wwimpo/costacolbun.cl/wp-content/plugins/ip-location-block/classes/class-ip-location-block-apis.php on Line 638) | PHP 8.0.30 (Linux) [] []
[2025-01-13T15:51:32.750564+00:00] restore.WARNING: [2] Trying to access array offset on value of type null (/home/wwimpo/costacolbun.cl/wp-content/plugins/ip-location-block/classes/class-ip-location-block-apis.php on Line 677) | PHP 8.0.30 (Linux) [] []
[2025-01-13T15:51:32.751600+00:00] restore.WARNING: [2] Trying to access array offset on value of type null (/home/wwimpo/costacolbun.cl/wp-content/plugins/ip-location-block/classes/class-ip-location-block.php on Line 752) | PHP 8.0.30 (Linux) [] []
[2025-01-13T15:51:32.752266+00:00] restore.WARNING: [2] Trying to access array offset on value of type null (/home/wwimpo/costacolbun.cl/wp-content/plugins/ip-location-block/classes/class-ip-location-block-logs.php on Line 483) | PHP 8.0.30 (Linux) [] []
[2025-01-13T15:51:32.756052+00:00] restore.WARNING: [2] Trying to access array offset on value of type null (/home/wwimpo/costacolbun.cl/wp-content/plugins/ip-location-block/classes/class-ip-location-block-logs.php on Line 483) | PHP 8.0.30 (Linux) [] []
[2025-01-13T15:51:32.756829+00:00] restore.WARNING: [2] Trying to access array offset on value of type null (/home/wwimpo/costacolbun.cl/wp-content/plugins/ip-location-block/classes/class-ip-location-block-logs.php on Line 719) | PHP 8.0.30 (Linux) [] []
[2025-01-13T15:52:33.209687+00:00] restore.WARNING: [2] Trying to access array offset on value of type null (/home/wwimpo/costacolbun.cl/wp-content/plugins/ip-location-block/classes/class-ip-location-block.php on Line 825) | PHP 8.0.30 (Linux) [] []
[2025-01-13T15:52:33.210593+00:00] restore.WARNING: [2] Trying to access array offset on value of type null (/home/wwimpo/costacolbun.cl/wp-content/plugins/ip-location-block/classes/class-ip-location-block-apis.php on Line 638) | PHP 8.0.30 (Linux) [] []
[2025-01-13T15:52:33.215762+00:00] restore.WARNING: [2] Trying to access array offset on value of type null (/home/wwimpo/costacolbun.cl/wp-content/plugins/ip-location-block/classes/class-ip-location-block-apis.php on Line 677) | PHP 8.0.30 (Linux) [] []
[2025-01-13T15:52:33.217020+00:00] restore.WARNING: [2] Trying to access array offset on value of type null (/home/wwimpo/costacolbun.cl/wp-content/plugins/ip-location-block/classes/class-ip-location-block.php on Line 752) | PHP 8.0.30 (Linux) [] []
[2025-01-13T15:52:33.222789+00:00] restore.WARNING: [2] Trying to access array offset on value of type null (/home/wwimpo/costacolbun.cl/wp-content/plugins/ip-location-block/classes/class-ip-location-block-logs.php on Line 483) | PHP 8.0.30 (Linux) [] []
[2025-01-13T15:52:33.223942+00:00] restore.WARNING: [2] Trying to access array offset on value of type null (/home/wwimpo/costacolbun.cl/wp-content/plugins/ip-location-block/classes/class-ip-location-block-logs.php on Line 483) | PHP 8.0.30 (Linux) [] []
[2025-01-13T15:52:33.224819+00:00] restore.WARNING: [2] Trying to access array offset on value of type null (/home/wwimpo/costacolbun.cl/wp-content/plugins/ip-location-block/classes/class-ip-location-block-logs.php on Line 719) | PHP 8.0.30 (Linux) [] []
[2025-01-13T15:53:33.569100+00:00] restore.WARNING: [2] Trying to access array offset on value of type null (/home/wwimpo/costacolbun.cl/wp-content/plugins/ip-location-block/classes/class-ip-location-block.php on Line 825) | PHP 8.0.30 (Linux) [] []
[2025-01-13T15:53:33.569934+00:00] restore.WARNING: [2] Trying to access array offset on value of type null (/home/wwimpo/costacolbun.cl/wp-content/plugins/ip-location-block/classes/class-ip-location-block-apis.php on Line 638) | PHP 8.0.30 (Linux) [] []
[2025-01-13T15:53:33.571927+00:00] restore.WARNING: [2] Trying to access array offset on value of type null (/home/wwimpo/costacolbun.cl/wp-content/plugins/ip-location-block/classes/class-ip-location-block-apis.php on Line 677) | PHP 8.0.30 (Linux) [] []
[2025-01-13T15:53:33.575008+00:00] restore.WARNING: [2] Trying to access array offset on value of type null (/home/wwimpo/costacolbun.cl/wp-content/plugins/ip-location-block/classes/class-ip-location-block.php on Line 752) | PHP 8.0.30 (Linux) [] []
[2025-01-13T15:53:33.575806+00:00] restore.WARNING: [2] Trying to access array offset on value of type null (/home/wwimpo/costacolbun.cl/wp-content/plugins/ip-location-block/classes/class-ip-location-block-logs.php on Line 483) | PHP 8.0.30 (Linux) [] []
[2025-01-13T15:53:33.576835+00:00] restore.WARNING: [2] Trying to access array offset on value of type null (/home/wwimpo/costacolbun.cl/wp-content/plugins/ip-location-block/classes/class-ip-location-block-logs.php on Line 483) | PHP 8.0.30 (Linux) [] []
[2025-01-13T15:53:33.579900+00:00] restore.WARNING: [2] Trying to access array offset on value of type null (/home/wwimpo/costacolbun.cl/wp-content/plugins/ip-location-block/classes/class-ip-location-block-logs.php on Line 719) | PHP 8.0.30 (Linux) [] []
[2025-01-13T15:54:33.500681+00:00] restore.WARNING: [2] Trying to access array offset on value of type null (/home/wwimpo/costacolbun.cl/wp-content/plugins/ip-location-block/classes/class-ip-location-block.php on Line 825) | PHP 8.0.30 (Linux) [] []
[2025-01-13T15:54:33.501498+00:00] restore.WARNING: [2] Trying to access array offset on value of type null (/home/wwimpo/costacolbun.cl/wp-content/plugins/ip-location-block/classes/class-ip-location-block-apis.php on Line 638) | PHP 8.0.30 (Linux) [] []
[2025-01-13T15:54:33.503931+00:00] restore.WARNING: [2] Trying to access array offset on value of type null (/home/wwimpo/costacolbun.cl/wp-content/plugins/ip-location-block/classes/class-ip-location-block-apis.php on Line 677) | PHP 8.0.30 (Linux) [] []
[2025-01-13T15:54:33.507124+00:00] restore.WARNING: [2] Trying to access array offset on value of type null (/home/wwimpo/costacolbun.cl/wp-content/plugins/ip-location-block/classes/class-ip-location-block.php on Line 752) | PHP 8.0.30 (Linux) [] []
[2025-01-13T15:54:33.508602+00:00] restore.WARNING: [2] Trying to access array offset on value of type null (/home/wwimpo/costacolbun.cl/wp-content/plugins/ip-location-block/classes/class-ip-location-block-logs.php on Line 483) | PHP 8.0.30 (Linux) [] []
[2025-01-13T15:54:33.509311+00:00] restore.WARNING: [2] Trying to access array offset on value of type null (/home/wwimpo/costacolbun.cl/wp-content/plugins/ip-location-block/classes/class-ip-location-block-logs.php on Line 483) | PHP 8.0.30 (Linux) [] []
[2025-01-13T15:54:33.510341+00:00] restore.WARNING: [2] Trying to access array offset on value of type null (/home/wwimpo/costacolbun.cl/wp-content/plugins/ip-location-block/classes/class-ip-location-block-logs.php on Line 719) | PHP 8.0.30 (Linux) [] []
[2025-01-13T15:55:23.912686+00:00] restore.WARNING: [2] Trying to access array offset on value of type null (/home/wwimpo/costacolbun.cl/wp-content/plugins/ip-location-block/classes/class-ip-location-block.php on Line 825) | PHP 8.0.30 (Linux) [] []
[2025-01-13T15:55:23.913585+00:00] restore.WARNING: [2] Trying to access array offset on value of type null (/home/wwimpo/costacolbun.cl/wp-content/plugins/ip-location-block/classes/class-ip-location-block-apis.php on Line 638) | PHP 8.0.30 (Linux) [] []
[2025-01-13T15:55:23.917433+00:00] restore.WARNING: [2] Trying to access array offset on value of type null (/home/wwimpo/costacolbun.cl/wp-content/plugins/ip-location-block/classes/class-ip-location-block-apis.php on Line 677) | PHP 8.0.30 (Linux) [] []
[2025-01-13T15:55:23.918501+00:00] restore.WARNING: [2] Trying to access array offset on value of type null (/home/wwimpo/costacolbun.cl/wp-content/plugins/ip-location-block/classes/class-ip-location-block.php on Line 752) | PHP 8.0.30 (Linux) [] []
[2025-01-13T15:55:23.919168+00:00] restore.WARNING: [2] Trying to access array offset on value of type null (/home/wwimpo/costacolbun.cl/wp-content/plugins/ip-location-block/classes/class-ip-location-block-logs.php on Line 483) | PHP 8.0.30 (Linux) [] []
[2025-01-13T15:55:23.921582+00:00] restore.WARNING: [2] Trying to access array offset on value of type null (/home/wwimpo/costacolbun.cl/wp-content/plugins/ip-location-block/classes/class-ip-location-block-logs.php on Line 483) | PHP 8.0.30 (Linux) [] []
[2025-01-13T15:55:23.922120+00:00] restore.WARNING: [2] Trying to access array offset on value of type null (/home/wwimpo/costacolbun.cl/wp-content/plugins/ip-location-block/classes/class-ip-location-block-logs.php on Line 719) | PHP 8.0.30 (Linux) [] []
[2025-01-13T15:56:24.310684+00:00] restore.WARNING: [2] Trying to access array offset on value of type null (/home/wwimpo/costacolbun.cl/wp-content/plugins/ip-location-block/classes/class-ip-location-block.php on Line 825) | PHP 8.0.30 (Linux) [] []
[2025-01-13T15:56:24.311530+00:00] restore.WARNING: [2] Trying to access array offset on value of type null (/home/wwimpo/costacolbun.cl/wp-content/plugins/ip-location-block/classes/class-ip-location-block-apis.php on Line 638) | PHP 8.0.30 (Linux) [] []
[2025-01-13T15:56:24.315823+00:00] restore.WARNING: [2] Trying to access array offset on value of type null (/home/wwimpo/costacolbun.cl/wp-content/plugins/ip-location-block/classes/class-ip-location-block-apis.php on Line 677) | PHP 8.0.30 (Linux) [] []
[2025-01-13T15:56:24.316822+00:00] restore.WARNING: [2] Trying to access array offset on value of type null (/home/wwimpo/costacolbun.cl/wp-content/plugins/ip-location-block/classes/class-ip-location-block.php on Line 752) | PHP 8.0.30 (Linux) [] []
[2025-01-13T15:56:24.317812+00:00] restore.WARNING: [2] Trying to access array offset on value of type null (/home/wwimpo/costacolbun.cl/wp-content/plugins/ip-location-block/classes/class-ip-location-block-logs.php on Line 483) | PHP 8.0.30 (Linux) [] []
[2025-01-13T15:56:24.320238+00:00] restore.WARNING: [2] Trying to access array offset on value of type null (/home/wwimpo/costacolbun.cl/wp-content/plugins/ip-location-block/classes/class-ip-location-block-logs.php on Line 483) | PHP 8.0.30 (Linux) [] []
[2025-01-13T15:56:24.321115+00:00] restore.WARNING: [2] Trying to access array offset on value of type null (/home/wwimpo/costacolbun.cl/wp-content/plugins/ip-location-block/classes/class-ip-location-block-logs.php on Line 719) | PHP 8.0.30 (Linux) [] []
[2025-01-20T23:40:24.205909+00:00] restore.WARNING: [2] Trying to access array offset on value of type null (/home/wwimpo/costacolbun.cl/wp-content/plugins/wp-defender/src/controller/class-blocklist-monitor.php on Line 97) | PHP 8.0.30 (Linux) [] []
[2025-01-20T23:40:24.216922+00:00] restore.WARNING: [2] foreach() argument must be of type array|object, null given (/home/wwimpo/costacolbun.cl/wp-content/plugins/wp-defender/src/controller/class-blocklist-monitor.php on Line 97) | PHP 8.0.30 (Linux) [] []
[2025-01-21T00:14:41.806563+00:00] restore.WARNING: [2] Trying to access array offset on value of type null (/home/wwimpo/costacolbun.cl/wp-content/plugins/wp-defender/src/controller/class-blocklist-monitor.php on Line 97) | PHP 8.0.30 (Linux) [] []
[2025-01-21T00:14:41.814606+00:00] restore.WARNING: [2] foreach() argument must be of type array|object, null given (/home/wwimpo/costacolbun.cl/wp-content/plugins/wp-defender/src/controller/class-blocklist-monitor.php on Line 97) | PHP 8.0.30 (Linux) [] []
[2025-01-21T00:22:19.995299+00:00] restore.WARNING: [2] Trying to access array offset on value of type null (/home/wwimpo/costacolbun.cl/wp-content/plugins/wp-defender/src/controller/class-blocklist-monitor.php on Line 97) | PHP 8.0.30 (Linux) [] []
[2025-01-21T00:22:19.996098+00:00] restore.WARNING: [2] foreach() argument must be of type array|object, null given (/home/wwimpo/costacolbun.cl/wp-content/plugins/wp-defender/src/controller/class-blocklist-monitor.php on Line 97) | PHP 8.0.30 (Linux) [] []
